RAM Allocation
Variable                                                          Address   Size
--------------------------------------------------------------------------------
adc_result1                                                       0260h        8
adc_result2                                                       0268h        8
adc_tres1                                                         0270h        8
adc_tres2                                                         0278h        8
lcd                                                               0280h       16
max_adc1                                                          0290h        8
max_adc2                                                          0298h        8
min_adc1                                                          02A0h        8
min_adc2                                                          02A8h        8
langkah_cepat                                                     02B0h       20
langkah_nos                                                       02C4h       20
j                                                                 02D8h        1
n                                                                 02D9h        1
front_sensor                                                      02DAh        1
rear_sensor                                                       02DBh        1
disp_sensor                                                       02DCh        1
backlight_on                                                      02DDh        1
led_on                                                            02DEh        1
right_back                                                        02DFh        1
left_back                                                         02E0h        1
i_speed                                                           02E1h        2
speed                                                             02E3h        2
MV                                                                02E5h        2
error                                                             02E7h        2
error_before                                                      02E9h        2
d_d_error                                                         02EBh        2
d_error                                                           02EDh        2
min_kp                                                            02EFh        2
max_kp                                                            02F1h        2
kp                                                                02F3h        2
kd                                                                02F5h        2
speed_ka                                                          02F7h        2
speed_ki                                                          02F9h        2
temp_speed                                                        02FBh        2
set_per4an                                                        02FDh        1
per4an                                                            02FEh        1
siku                                                              02FFh        1
per4an_dir                                                        0300h       11
temp_kp_div                                                       030Bh        1
time                                                              030Ch        2
langkah_kanan                                                     030Eh        2
langkah_kiri                                                      0310h        2
langkah                                                           0312h        2
depan_kanan                                                       0314h        1
depan_kiri                                                        0315h        1
tadi_depan_kanan                                                  0316h        1
tadi_depan_kiri                                                   0317h        1
fork_status                                                       0318h        1
tadi_per4an                                                       0319h        1
sekarang                                                          031Ah        1
tadi_white_line                                                   031Bh        1
rear_sensor10                                                     031Ch        1
rear_sensor11                                                     031Dh        1
rear_sensor30                                                     031Eh        1
rear_sensor31                                                     031Fh        1
_seed                                                             0320h        4
_base_y                                                           0324h        4
_lcd_x                                                            0328h        1
_lcd_y                                                            0329h        1
_lcd_maxx                                                         032Ah        1

EEPROM Allocation
Variable                                                          Address   Size
--------------------------------------------------------------------------------
e_speed                                                           0000h        2
e_min_kp                                                          0002h        2
e_max_kp                                                          0004h        2
e_adc_tres1                                                       0006h        8
e_adc_tres2                                                       000Eh        8
e_kp_div                                                          0016h        1
e_per4an_dir                                                      0017h       11
e_per4an_enable                                                   0022h        1
e_langkah_nos                                                     0023h       20
e_langkah_cepat                                                   0037h       20

Register Allocation
Variable                                                          Register  Size
--------------------------------------------------------------------------------
status_error_lalu                                                 R2.0      1bit
status_error                                                      R2.1      1bit
pwm_en                                                            R2.2      1bit
black_line                                                        R2.3      1bit
per4an_enable                                                     R2.4      1bit
status_nos                                                        R2.5      1bit
white_line                                                        R2.6      1bit
berhasil                                                          R2.7      1bit
flag_per4an                                                       R3.0      1bit
flag_siku                                                         R3.1      1bit
front_kiri                                                        R3.2      1bit
front_kanan                                                       R3.3      1bit
rear_kiri                                                         R3.4      1bit
rear_kanan                                                        R3.5      1bit
l                                                                 R5           1
menu                                                              R4           1
kp_div                                                            R7           1
menu_slave                                                        R6           1
strategi                                                          R9           1
temp_adc_menu                                                     R8           1
adc_menu                                                          R11          1
nos_speed                                                         R10          1
boleh_nos                                                         R13          1
i                                                                 R12          1
