RAM Allocation
Variable                                                          Address   Size
--------------------------------------------------------------------------------
bit_stuff                                                         0x0080       1
crc_lo                                                            0x0081       1
crc_hi                                                            0x0082       1
xor_in                                                            0x0083       2
buff_posisi                                                       0x0085      17
buff_altitude                                                     0x0096       9

EEPROM Allocation
Variable                                                          Address   Size
--------------------------------------------------------------------------------
data_1                                                            0x0000      21
posisi_lat                                                        0x0015       8
posisi_long                                                       0x001D       9
altitude                                                          0x0026       6
data_extension                                                    0x002C       7
beacon_stat                                                       0x0033       1

Register Allocation
Variable                                                          Register  Size
--------------------------------------------------------------------------------
xcount                                                            R3           1
nada                                                              GPIOR0.0  1bit
crc                                                               R4,R5        2
