CodeVisionAVR C Compiler V1.25.3 Professional
(C) Copyright 1998-2007 Pavel Haiduc, HP InfoTech s.r.l.
http://www.hpinfotech.com

File: D:\Punya Koko\LPKTA\line follower\Roborace 2010\Fix penyisihan2.c
Global variables memory map:

Variable                          Address   Size
lcd                                                                   160h     16
sensor                                                                  R5      1
adc0                                                                    R4      1
adc1                                                                    R7      1
adc2                                                                    R6      1
adc3                                                                    R9      1
adc4                                                                    R8      1
adc5                                                                   R11      1
adc6                                                                   R10      1
adc7                                                                   R13      1
bt7                                                                    R12      1
bt6                                                                   170h      1
bt5                                                                   171h      1
bt4                                                                   172h      1
bt3                                                                   173h      1
bt2                                                                   174h      1
bt1                                                                   175h      1
bt0                                                                   176h      1
ba7                                                                   177h      1
ba6                                                                   178h      1
ba5                                                                   179h      1
ba4                                                                   17Ah      1
ba3                                                                   17Bh      1
ba2                                                                   17Ch      1
ba1                                                                   17Dh      1
ba0                                                                   17Eh      1
bb7                                                                   17Fh      1
bb6                                                                   180h      1
bb5                                                                   181h      1
bb4                                                                   182h      1
bb3                                                                   183h      1
bb2                                                                   184h      1
bb1                                                                   185h      1
bb0                                                                   186h      1
xcount                                                                187h      1
s0                                                                    R2.0    1/8
s1                                                                    R2.1    1/8
s2                                                                    R2.2    1/8
s3                                                                    R2.3    1/8
s4                                                                    R2.4    1/8
s5                                                                    R2.5    1/8
s6                                                                    R2.6    1/8
s7                                                                    R2.7    1/8
lpwm                                                                  188h      2
rpwm                                                                  18Ah      2
MAXPWM                                                                18Ch      2
MINPWM                                                                18Eh      2
intervalPWM                                                           190h      2
PV                                                                    192h      2
error                                                                 194h      2
last_error                                                            196h      2
var_Kp                                                                198h      2
var_Ki                                                                19Ah      2
var_Kd                                                                19Ch      2
kursorPID                                                             19Eh      1
kursorSpeed                                                           19Fh      1
kursorGaris                                                           1A0h      1
lcd_buffer                                                            1A1h     33
b                                                                     1C2h      2
x                                                                     1C4h      2
_base_y_G3                                                            1C6h      4
_lcd_x                                                                1CAh      1
_lcd_y                                                                1CBh      1
_lcd_maxx                                                             1CCh      1
