Archive member included because of file (symbol)

c:/programme/winavr/bin/../lib/gcc/avr/4.1.2/avr4\libgcc.a(_mulsi3.o)
                              Messaging.o (__mulsi3)
c:/programme/winavr/bin/../lib/gcc/avr/4.1.2/avr4\libgcc.a(_udivmodsi4.o)
                              Messaging.o (__udivmodsi4)
c:/programme/winavr/bin/../lib/gcc/avr/4.1.2/avr4\libgcc.a(_exit.o)
                              c:/programme/winavr/bin/../lib/gcc/avr/4.1.2/../../../../avr/lib/avr4/crtm8.o (exit)
c:/programme/winavr/bin/../lib/gcc/avr/4.1.2/avr4\libgcc.a(_copy_data.o)
                              Serial.o (__do_copy_data)
c:/programme/winavr/bin/../lib/gcc/avr/4.1.2/avr4\libgcc.a(_clear_bss.o)
                              Serial.o (__do_clear_bss)
c:/programme/winavr/bin/../lib/gcc/avr/4.1.2/../../../../avr/lib/avr4\libc.a(ee_rb.1C1D1E.o)
                              ax25.o (__eeprom_read_byte_1C1D1E)

Allocating common symbols
Common symbol       size              file

ucSpeed             0x1               Serial.o
busy                0x1               Main.o
Time_Temp           0x9               Serial.o
txtone              0x1               ax25.o
delay               0x1               Main.o
maindelay           0x1               Main.o

Discarded input sections

 .stabstr       0x00000000        0x0 c:/programme/winavr/bin/../lib/gcc/avr/4.1.2/../../../../avr/lib/avr4/crtm8.o

Memory Configuration

Name             Origin             Length             Attributes
text             0x00000000         0x00002000         xr
data             0x00800060         0x0000ffa0         rw !x
eeprom           0x00810000         0x00010000         rw !x
*default*        0x00000000         0xffffffff

Linker script and memory map

LOAD c:/programme/winavr/bin/../lib/gcc/avr/4.1.2/../../../../avr/lib/avr4/crtm8.o
LOAD Serial.o
LOAD ADC.o
LOAD ax25.o
LOAD Main.o
LOAD Messaging.o
LOAD tmp275.o
LOAD i2c_by_hand.o
LOAD c:/programme/winavr/bin/../lib/gcc/avr/4.1.2/avr4\libgcc.a
LOAD c:/programme/winavr/bin/../lib/gcc/avr/4.1.2/../../../../avr/lib/avr4\libc.a
LOAD c:/programme/winavr/bin/../lib/gcc/avr/4.1.2/avr4\libgcc.a

.hash
 *(.hash)

.dynsym
 *(.dynsym)

.dynstr
 *(.dynstr)

.gnu.version
 *(.gnu.version)

.gnu.version_d
 *(.gnu.version_d)

.gnu.version_r
 *(.gnu.version_r)

.rel.init
 *(.rel.init)

.rela.init
 *(.rela.init)

.rel.text
 *(.rel.text)
 *(.rel.text.*)
 *(.rel.gnu.linkonce.t*)

.rela.text
 *(.rela.text)
 *(.rela.text.*)
 *(.rela.gnu.linkonce.t*)

.rel.fini
 *(.rel.fini)

.rela.fini
 *(.rela.fini)

.rel.rodata
 *(.rel.rodata)
 *(.rel.rodata.*)
 *(.rel.gnu.linkonce.r*)

.rela.rodata
 *(.rela.rodata)
 *(.rela.rodata.*)
 *(.rela.gnu.linkonce.r*)

.rel.data
 *(.rel.data)
 *(.rel.data.*)
 *(.rel.gnu.linkonce.d*)

.rela.data
 *(.rela.data)
 *(.rela.data.*)
 *(.rela.gnu.linkonce.d*)

.rel.ctors
 *(.rel.ctors)

.rela.ctors
 *(.rela.ctors)

.rel.dtors
 *(.rel.dtors)

.rela.dtors
 *(.rela.dtors)

.rel.got
 *(.rel.got)

.rela.got
 *(.rela.got)

.rel.bss
 *(.rel.bss)

.rela.bss
 *(.rela.bss)

.rel.plt
 *(.rel.plt)

.rela.plt
 *(.rela.plt)

.text           0x00000000     0x147e
 *(.vectors)
 .vectors       0x00000000       0x26 c:/programme/winavr/bin/../lib/gcc/avr/4.1.2/../../../../avr/lib/avr4/crtm8.o
                0x00000000                __vectors
                0x00000000                __vector_default
 *(.vectors)
 *(.progmem.gcc*)
 *(.progmem*)
                0x00000026                . = ALIGN (0x2)
                0x00000026                __trampolines_start = .
 *(.trampolines)
 .trampolines   0x00000026        0x0 linker stubs
 *(.trampolines*)
                0x00000026                __trampolines_end = .
 *(.jumptables)
 *(.jumptables*)
 *(.lowtext)
 *(.lowtext*)
                0x00000026                __ctors_start = .
 *(.ctors)
                0x00000026                __ctors_end = .
                0x00000026                __dtors_start = .
 *(.dtors)
                0x00000026                __dtors_end = .
 SORT(*)(.ctors)
 SORT(*)(.dtors)
 *(.init0)
 .init0         0x00000026        0x0 c:/programme/winavr/bin/../lib/gcc/avr/4.1.2/../../../../avr/lib/avr4/crtm8.o
                0x00000026                __init
 *(.init0)
 *(.init1)
 *(.init1)
 *(.init2)
 .init2         0x00000026        0xc c:/programme/winavr/bin/../lib/gcc/avr/4.1.2/../../../../avr/lib/avr4/crtm8.o
 *(.init2)
 *(.init3)
 *(.init3)
 *(.init4)
 .init4         0x00000032       0x16 c:/programme/winavr/bin/../lib/gcc/avr/4.1.2/avr4\libgcc.a(_copy_data.o)
                0x00000032                __do_copy_data
 .init4         0x00000048       0x10 c:/programme/winavr/bin/../lib/gcc/avr/4.1.2/avr4\libgcc.a(_clear_bss.o)
                0x00000048                __do_clear_bss
 *(.init4)
 *(.init5)
 *(.init5)
 *(.init6)
 *(.init6)
 *(.init7)
 *(.init7)
 *(.init8)
 *(.init8)
 *(.init9)
 .init9         0x00000058        0x4 c:/programme/winavr/bin/../lib/gcc/avr/4.1.2/../../../../avr/lib/avr4/crtm8.o
 *(.init9)
 *(.text)
 .text          0x0000005c        0x2 c:/programme/winavr/bin/../lib/gcc/avr/4.1.2/../../../../avr/lib/avr4/crtm8.o
                0x0000005c                __vector_1
                0x0000005c                __vector_12
                0x0000005c                __bad_interrupt
                0x0000005c                __vector_6
                0x0000005c                __vector_3
                0x0000005c                __vector_17
                0x0000005c                __vector_7
                0x0000005c                __vector_5
                0x0000005c                __vector_2
                0x0000005c                __vector_15
                0x0000005c                __vector_8
                0x0000005c                __vector_10
                0x0000005c                __vector_18
 .text          0x0000005e      0x128 Serial.o
                0x0000006e                SendByte
                0x000000cc                __vector_11
                0x0000010c                __vector_13
                0x0000005e                SerInit
                0x0000015a                Serial_Processes
                0x000000b4                SendString
 .text          0x00000186       0x4e ADC.o
                0x00000186                ADCInit
                0x00000194                ADCGet
                0x0000019e                __vector_14
 .text          0x000001d4      0x1cc ax25.o
                0x0000035c                ax25sendHeader
                0x000001d4                ax25crcBit
                0x000002aa                ax25sendEEPROMString
                0x000002e6                ax25sendASCIIebyte
                0x0000020a                ax25sendByte
                0x0000033a                ax25sendFooter
                0x000002ce                ax25sendString
 .text          0x000003a0      0x666 Main.o
                0x000003a0                ax25rxByte
                0x000006f0                mainTransmit
                0x000006aa                mainDelay
                0x0000070c                main
                0x000005c4                __vector_4
                0x000003f6                __vector_9
                0x00000690                Delay
                0x00000610                __vector_16
                0x000006c4                mainReceive
 .text          0x00000a06      0x848 Messaging.o
                0x00000d12                MsgPrepare
                0x00000a48                MsgHandler
                0x00000a06                GetValidGPS
                0x0000114a                MsgSendPos
                0x00000c74                MsgSendTelem
                0x00000ba6                MsgSendAck
                0x00000a0e                MsgInit
 .text          0x0000124e       0xb4 tmp275.o
                0x000012b2                usTMP275_ReadTemp
                0x000012f8                ucTMP275_Init
                0x00001284                ucTMP275_WriteConfig
                0x0000124e                ucTMP275_ReadConfig
 .text          0x00001302       0xe8 i2c_by_hand.o
                0x000013a4                ucI2C_ReceiveByte
                0x00001302                vI2C_Delay
                0x0000132e                vI2C_Start
                0x0000131e                vI2C_Init
                0x0000135a                ucI2C_SendByte
                0x00001348                vI2C_Stop
 .text          0x000013ea        0x0 c:/programme/winavr/bin/../lib/gcc/avr/4.1.2/avr4\libgcc.a(_mulsi3.o)
 .text          0x000013ea        0x0 c:/programme/winavr/bin/../lib/gcc/avr/4.1.2/avr4\libgcc.a(_udivmodsi4.o)
 .text          0x000013ea        0x0 c:/programme/winavr/bin/../lib/gcc/avr/4.1.2/avr4\libgcc.a(_exit.o)
 .text          0x000013ea        0x0 c:/programme/winavr/bin/../lib/gcc/avr/4.1.2/avr4\libgcc.a(_copy_data.o)
 .text          0x000013ea        0x0 c:/programme/winavr/bin/../lib/gcc/avr/4.1.2/avr4\libgcc.a(_clear_bss.o)
 .text          0x000013ea        0x0 c:/programme/winavr/bin/../lib/gcc/avr/4.1.2/../../../../avr/lib/avr4\libc.a(ee_rb.1C1D1E.o)
                0x000013ea                . = ALIGN (0x2)
 *(.text.*)
 .text.libgcc   0x000013ea       0x3e c:/programme/winavr/bin/../lib/gcc/avr/4.1.2/avr4\libgcc.a(_mulsi3.o)
                0x000013ea                __mulsi3
 .text.libgcc   0x00001428       0x44 c:/programme/winavr/bin/../lib/gcc/avr/4.1.2/avr4\libgcc.a(_udivmodsi4.o)
                0x00001428                __udivmodsi4
 .text.libgcc   0x0000146c        0x0 c:/programme/winavr/bin/../lib/gcc/avr/4.1.2/avr4\libgcc.a(_exit.o)
 .text.libgcc   0x0000146c        0x0 c:/programme/winavr/bin/../lib/gcc/avr/4.1.2/avr4\libgcc.a(_copy_data.o)
 .text.libgcc   0x0000146c        0x0 c:/programme/winavr/bin/../lib/gcc/avr/4.1.2/avr4\libgcc.a(_clear_bss.o)
 .text.eeprom   0x0000146c       0x10 c:/programme/winavr/bin/../lib/gcc/avr/4.1.2/../../../../avr/lib/avr4\libc.a(ee_rb.1C1D1E.o)
                0x0000146c                __eeprom_read_byte_1C1D1E
                0x0000147c                . = ALIGN (0x2)
 *(.fini9)
 .fini9         0x0000147c        0x0 c:/programme/winavr/bin/../lib/gcc/avr/4.1.2/avr4\libgcc.a(_exit.o)
                0x0000147c                exit
                0x0000147c                _exit
 *(.fini9)
 *(.fini8)
 *(.fini8)
 *(.fini7)
 *(.fini7)
 *(.fini6)
 *(.fini6)
 *(.fini5)
 *(.fini5)
 *(.fini4)
 *(.fini4)
 *(.fini3)
 *(.fini3)
 *(.fini2)
 *(.fini2)
 *(.fini1)
 *(.fini1)
 *(.fini0)
 .fini0         0x0000147c        0x2 c:/programme/winavr/bin/../lib/gcc/avr/4.1.2/avr4\libgcc.a(_exit.o)
 *(.fini0)
                0x0000147e                _etext = .

.data           0x00800060       0x10 load address 0x0000147e
                0x00800060                PROVIDE (__data_start, .)
 *(.data)
 .data          0x00800060        0x0 c:/programme/winavr/bin/../lib/gcc/avr/4.1.2/../../../../avr/lib/avr4/crtm8.o
 .data          0x00800060        0x0 Serial.o
 .data          0x00800060        0x0 ADC.o
 .data          0x00800060        0x0 ax25.o
 .data          0x00800060       0x10 Main.o
 .data          0x00800070        0x0 Messaging.o
 .data          0x00800070        0x0 tmp275.o
 .data          0x00800070        0x0 i2c_by_hand.o
 .data          0x00800070        0x0 c:/programme/winavr/bin/../lib/gcc/avr/4.1.2/avr4\libgcc.a(_mulsi3.o)
 .data          0x00800070        0x0 c:/programme/winavr/bin/../lib/gcc/avr/4.1.2/avr4\libgcc.a(_udivmodsi4.o)
 .data          0x00800070        0x0 c:/programme/winavr/bin/../lib/gcc/avr/4.1.2/avr4\libgcc.a(_exit.o)
 .data          0x00800070        0x0 c:/programme/winavr/bin/../lib/gcc/avr/4.1.2/avr4\libgcc.a(_copy_data.o)
 .data          0x00800070        0x0 c:/programme/winavr/bin/../lib/gcc/avr/4.1.2/avr4\libgcc.a(_clear_bss.o)
 .data          0x00800070        0x0 c:/programme/winavr/bin/../lib/gcc/avr/4.1.2/../../../../avr/lib/avr4\libc.a(ee_rb.1C1D1E.o)
 *(.data*)
 *(.rodata)
 *(.rodata*)
 *(.gnu.linkonce.d*)
                0x00800070                . = ALIGN (0x2)
                0x00800070                _edata = .
                0x00800070                PROVIDE (__data_end, .)

.bss            0x00800070      0x28d
                0x00800070                PROVIDE (__bss_start, .)
 *(.bss)
 .bss           0x00800070        0x0 c:/programme/winavr/bin/../lib/gcc/avr/4.1.2/../../../../avr/lib/avr4/crtm8.o
 .bss           0x00800070       0xc4 Serial.o
 .bss           0x00800134        0x3 ADC.o
 .bss           0x00800137        0xd ax25.o
 .bss           0x00800144      0x127 Main.o
 .bss           0x0080026b       0x82 Messaging.o
 .bss           0x008002ed        0x0 tmp275.o
 .bss           0x008002ed        0x2 i2c_by_hand.o
 .bss           0x008002ef        0x0 c:/programme/winavr/bin/../lib/gcc/avr/4.1.2/avr4\libgcc.a(_mulsi3.o)
 .bss           0x008002ef        0x0 c:/programme/winavr/bin/../lib/gcc/avr/4.1.2/avr4\libgcc.a(_udivmodsi4.o)
 .bss           0x008002ef        0x0 c:/programme/winavr/bin/../lib/gcc/avr/4.1.2/avr4\libgcc.a(_exit.o)
 .bss           0x008002ef        0x0 c:/programme/winavr/bin/../lib/gcc/avr/4.1.2/avr4\libgcc.a(_copy_data.o)
 .bss           0x008002ef        0x0 c:/programme/winavr/bin/../lib/gcc/avr/4.1.2/avr4\libgcc.a(_clear_bss.o)
 .bss           0x008002ef        0x0 c:/programme/winavr/bin/../lib/gcc/avr/4.1.2/../../../../avr/lib/avr4\libc.a(ee_rb.1C1D1E.o)
 *(.bss*)
 *(COMMON)
 COMMON         0x008002ef        0xa Serial.o
                0x008002ef                ucSpeed
                0x008002f0                Time_Temp
 COMMON         0x008002f9        0x1 ax25.o
                0x008002f9                txtone
 COMMON         0x008002fa        0x3 Main.o
                0x008002fa                busy
                0x008002fb                delay
                0x008002fc                maindelay
                0x008002fd                PROVIDE (__bss_end, .)
                0x0000147e                __data_load_start = LOADADDR (.data)
                0x0000148e                __data_load_end = (__data_load_start + SIZEOF (.data))

.noinit         0x008002fd        0x0
                0x008002fd                PROVIDE (__noinit_start, .)
 *(.noinit*)
                0x008002fd                PROVIDE (__noinit_end, .)
                0x008002fd                _end = .
                0x008002fd                PROVIDE (__heap_start, .)

.eeprom         0x00810000        0x0
 *(.eeprom*)
                0x00810000                __eeprom_end = .

.stab           0x00000000      0x378
 *(.stab)
 .stab          0x00000000      0x378 c:/programme/winavr/bin/../lib/gcc/avr/4.1.2/../../../../avr/lib/avr4/crtm8.o

.stabstr        0x00000000       0x71
 *(.stabstr)
 .stabstr       0x00000000       0x71 c:/programme/winavr/bin/../lib/gcc/avr/4.1.2/../../../../avr/lib/avr4/crtm8.o

.stab.excl
 *(.stab.excl)

.stab.exclstr
 *(.stab.exclstr)

.stab.index
 *(.stab.index)

.stab.indexstr
 *(.stab.indexstr)

.comment
 *(.comment)

.debug
 *(.debug)

.line
 *(.line)

.debug_srcinfo
 *(.debug_srcinfo)

.debug_sfnames
 *(.debug_sfnames)

.debug_aranges  0x00000000       0xe0
 *(.debug_aranges)
 .debug_aranges
                0x00000000       0x20 Serial.o
 .debug_aranges
                0x00000020       0x20 ADC.o
 .debug_aranges
                0x00000040       0x20 ax25.o
 .debug_aranges
                0x00000060       0x20 Main.o
 .debug_aranges
                0x00000080       0x20 Messaging.o
 .debug_aranges
                0x000000a0       0x20 tmp275.o
 .debug_aranges
                0x000000c0       0x20 i2c_by_hand.o

.debug_pubnames
                0x00000000      0x3bf
 *(.debug_pubnames)
 .debug_pubnames
                0x00000000       0x89 Serial.o
 .debug_pubnames
                0x00000089       0x39 ADC.o
 .debug_pubnames
                0x000000c2       0xa6 ax25.o
 .debug_pubnames
                0x00000168       0xd7 Main.o
 .debug_pubnames
                0x0000023f       0xa0 Messaging.o
 .debug_pubnames
                0x000002df       0x6b tmp275.o
 .debug_pubnames
                0x0000034a       0x75 i2c_by_hand.o

.debug_info     0x00000000     0x133a
 *(.debug_info)
 .debug_info    0x00000000      0x1bc Serial.o
 .debug_info    0x000001bc      0x103 ADC.o
 .debug_info    0x000002bf      0x302 ax25.o
 .debug_info    0x000005c1      0x56b Main.o
 .debug_info    0x00000b2c      0x5c7 Messaging.o
 .debug_info    0x000010f3      0x101 tmp275.o
 .debug_info    0x000011f4      0x146 i2c_by_hand.o
 *(.gnu.linkonce.wi.*)

.debug_abbrev   0x00000000      0x68f
 *(.debug_abbrev)
 .debug_abbrev  0x00000000       0xaf Serial.o
 .debug_abbrev  0x000000af       0xab ADC.o
 .debug_abbrev  0x0000015a      0x14d ax25.o
 .debug_abbrev  0x000002a7      0x15c Main.o
 .debug_abbrev  0x00000403      0x17a Messaging.o
 .debug_abbrev  0x0000057d       0x78 tmp275.o
 .debug_abbrev  0x000005f5       0x9a i2c_by_hand.o

.debug_line     0x00000000     0x1a8c
 *(.debug_line)
 .debug_line    0x00000000      0x17c Serial.o
 .debug_line    0x0000017c       0xe9 ADC.o
 .debug_line    0x00000265      0x2da ax25.o
 .debug_line    0x0000053f      0x885 Main.o
 .debug_line    0x00000dc4      0x84b Messaging.o
 .debug_line    0x0000160f      0x191 tmp275.o
 .debug_line    0x000017a0      0x2ec i2c_by_hand.o

.debug_frame    0x00000000      0x310
 *(.debug_frame)
 .debug_frame   0x00000000       0x70 Serial.o
 .debug_frame   0x00000070       0x40 ADC.o
 .debug_frame   0x000000b0       0x80 ax25.o
 .debug_frame   0x00000130       0xa0 Main.o
 .debug_frame   0x000001d0       0x80 Messaging.o
 .debug_frame   0x00000250       0x50 tmp275.o
 .debug_frame   0x000002a0       0x70 i2c_by_hand.o

.debug_str      0x00000000      0x68d
 *(.debug_str)
 .debug_str     0x00000000      0x104 Serial.o
                                0x146 (size before relaxing)
 .debug_str     0x00000104       0x57 ADC.o
                                0x102 (size before relaxing)
 .debug_str     0x0000015b       0xfc ax25.o
                                0x1d2 (size before relaxing)
 .debug_str     0x00000257      0x1b3 Main.o
                                0x2e9 (size before relaxing)
 .debug_str     0x0000040a      0x19c Messaging.o
                                0x2ad (size before relaxing)
 .debug_str     0x000005a6       0x70 tmp275.o
                                0x12e (size before relaxing)
 .debug_str     0x00000616       0x77 i2c_by_hand.o
                                0x13e (size before relaxing)

.debug_loc      0x00000000      0x599
 *(.debug_loc)
 .debug_loc     0x00000000       0x46 Serial.o
 .debug_loc     0x00000046       0x26 ADC.o
 .debug_loc     0x0000006c      0x134 ax25.o
 .debug_loc     0x000001a0      0x1ac Main.o
 .debug_loc     0x0000034c      0x1b0 Messaging.o
 .debug_loc     0x000004fc       0x7f tmp275.o
 .debug_loc     0x0000057b       0x1e i2c_by_hand.o

.debug_macinfo
 *(.debug_macinfo)
OUTPUT(APRS_AVR_Tracker.elf elf32-avr)
LOAD linker stubs
